  Determining projects to restore...
  All projects are up-to-date for restore.
C:\Users\admin\Documents\FrancoGerman\Ejercicio colaborativo\Ejercicio-Colaboracion-Jugos\MiniPlantaJugos\Controllers\MaquinasController.cs(35,33): error CS1061: 'Maquina' does not contain a definition for 'Usuarios' and no accessible extension method 'Usuarios' accepting a first argument of type 'Maquina' could be found (are you missing a using directive or an assembly reference?) [C:\Users\admin\Documents\FrancoGerman\Ejercicio colaborativo\Ejercicio-Colaboracion-Jugos\MiniPlantaJugos\MiniPlantaJugos.csproj]

Build FAILED.

C:\Users\admin\Documents\FrancoGerman\Ejercicio colaborativo\Ejercicio-Colaboracion-Jugos\MiniPlantaJugos\Controllers\MaquinasController.cs(35,33): error CS1061: 'Maquina' does not contain a definition for 'Usuarios' and no accessible extension method 'Usuarios' accepting a first argument of type 'Maquina' could be found (are you missing a using directive or an assembly reference?) [C:\Users\admin\Documents\FrancoGerman\Ejercicio colaborativo\Ejercicio-Colaboracion-Jugos\MiniPlantaJugos\MiniPlantaJugos.csproj]
    0 Warning(s)
    1 Error(s)

Time Elapsed 00:00:03.56
